// Jest Snapshot v1, https://goo.gl/fbAQLP

exports[`NavBarBrand snapshot 1`] = `
<div>
  <div
    class="h-12 flex items-center space-x-1.5 gap-2 transition-all mr-10 select-none"
  >
    <img
      alt="Logo"
      class="size-16"
      data-nimg="1"
      decoding="async"
      height="36"
      loading="lazy"
      src="/static/logo/Logo.svg"
      style="color: transparent;"
      width="36"
    />
    <h1
      class="font-urban text-xl text-theme-foreground font-bold whitespace-nowrap overflow-hidden text-ellipsis"
      data-testid="NavBarBrandTitle"
      role="heading"
    >
      TrainWizzz!
    </h1>
  </div>
</div>
`;
